C:\Users\HP\eclipse-workspace\Advance_Selenium01\src\test\java\practise\ReadTheSingleDataFromExcelsheet.java
C:\Users\HP\eclipse-workspace\Advance_Selenium01\src\test\java\practise\ReadMultipleDataFromExcel.java
C:\Users\HP\eclipse-workspace\Advance_Selenium01\src\test\java\practise\ReadDataFromPropertiesFile.java
C:\Users\HP\eclipse-workspace\Advance_Selenium01\src\test\java\practise\FetchTheDataFromExcel.java
C:\Users\HP\eclipse-workspace\Advance_Selenium01\src\test\java\practise\ReadData.java
C:\Users\HP\eclipse-workspace\Advance_Selenium01\src\test\java\practise\ReadTheDataFromJsonFile.java
C:\Users\HP\eclipse-workspace\Advance_Selenium01\src\test\java\practise\WriteTheMultipleDataToExcel.java
C:\Users\HP\eclipse-workspace\Advance_Selenium01\src\test\java\practise\EmptyBrowser.java
C:\Users\HP\eclipse-workspace\Advance_Selenium01\src\test\java\organization\CreateOrganization.java
C:\Users\HP\eclipse-workspace\Advance_Selenium01\src\test\java\practise\WriteDataExcelUsingMap.java
C:\Users\HP\eclipse-workspace\Advance_Selenium01\src\test\java\practise\ReadDataFromPDF.java
C:\Users\HP\eclipse-workspace\Advance_Selenium01\src\test\java\practise\ReadExcelDataUsingMap.java
C:\Users\HP\eclipse-workspace\Advance_Selenium01\src\test\java\practise\InsertDataToPropertiesClass.java
